../Core/Src/blood.c:50:6:blood_data_update	32	static,ignoring_inline_asm
../Core/Src/blood.c:82:6:blood_data_translate	40	static
../Core/Src/blood.c:129:6:blood_wave_update	40	static
../Core/Src/blood.c:188:6:tft_test_display	72	static
../Core/Src/blood.c:215:6:tft_draw_frame	24	static
../Core/Src/blood.c:223:6:tft_draw_State	24	static
../Core/Src/blood.c:242:6:tft_draw_wave_line	40	static
../Core/Src/blood.c:256:6:tft_draw_wave	24	static
../Core/Src/blood.c:272:6:tft_draw_hrsp	72	static
../Core/Src/blood.c:284:6:tft_draw_windows	16	static
../Core/Src/blood.c:308:6:tft_display_update	96	static
../Core/Src/blood.c:335:6:Led_beep_update	16	static,ignoring_inline_asm
../Core/Src/blood.c:400:6:blood_Setup	8	static
../Core/Src/blood.c:411:6:blood_Loop	8	static
../Core/Src/blood.c:420:6:blood_Interrupt	4	static
