../Core/Src/IICcom.c:25:6:I2C_GPIO_Config	32	static
../Core/Src/IICcom.c:77:6:I2C_delay	16	static
../Core/Src/IICcom.c:87:6:delay5ms	16	static
../Core/Src/IICcom.c:103:9:I2C_Start	8	static
../Core/Src/IICcom.c:123:6:I2C_Stop	8	static
../Core/Src/IICcom.c:141:6:I2C_Ack	8	static
../Core/Src/IICcom.c:159:6:I2C_NoAck	8	static
../Core/Src/IICcom.c:177:9:I2C_WaitAck	16	static
../Core/Src/IICcom.c:206:6:I2C_SendByte	24	static
../Core/Src/IICcom.c:233:15:I2C_RadeByte	16	static
../Core/Src/IICcom.c:257:9:Single_Write	16	static
../Core/Src/IICcom.c:276:15:Single_Read	24	static
