../Core/Src/ST7735.c:22:6:lcd7735_senddata	16	static
../Core/Src/ST7735.c:25:6:lcd7735_send16bData	24	static
../Core/Src/ST7735.c:48:6:ST7735_Init	8	static
../Core/Src/ST7735.c:59:6:ST7735_SetCursor	16	static
../Core/Src/ST7735.c:77:6:ST7735_FillRect	32	static
../Core/Src/ST7735.c:112:6:ST7735_FillScreen	24	static
../Core/Src/ST7735.c:121:13:writecommand	16	static
../Core/Src/ST7735.c:125:13:writedata	16	static
../Core/Src/ST7735.c:130:13:setAddrWindow	24	static
../Core/Src/ST7735.c:148:6:standard_Init_Cmd	8	static
../Core/Src/ST7735.c:170:13:pushColor	16	static
../Core/Src/ST7735.c:175:6:ST7735_DrawPixel	16	static
../Core/Src/ST7735.c:195:6:ST7735_DrawFastVLine	32	static
../Core/Src/ST7735.c:209:6:ST7735_DrawFastHLine	32	static
../Core/Src/ST7735.c:223:6:ST7735_DrawBitmap	40	static
../Core/Src/ST7735.c:269:6:ST7735_DrawCharS	48	static
../Core/Src/ST7735.c:302:6:ST7735_DrawChar	48	static
../Core/Src/ST7735.c:340:10:ST7735_Color565	16	static
../Core/Src/ST7735.c:344:10:ST7735_DrawString	48	static
../Core/Src/ST7735.c:361:6:ST7735_PlotClear	24	static
../Core/Src/ST7735.c:379:6:ST7735_SimplePlotPoint	24	static
../Core/Src/ST7735.c:393:6:ST7735_PlotPoint	16	static
../Core/Src/ST7735.c:406:6:ST7735_PlotIncrement	8	static
../Core/Src/ST7735.c:416:6:ST7735_PlotLine	24	static
../Core/Src/ST7735.c:447:6:ST7735_PlotBar	24	static
../Core/Src/ST7735.c:457:6:ST7735_PlotNext	4	static
../Core/Src/ST7735.c:465:6:lcd7735_sendCmd	16	static
../Core/Src/ST7735.c:470:6:lcd7735_sendData	16	static
../Core/Src/ST7735.c:475:6:lcd7735_at	24	static
../Core/Src/ST7735.c:494:6:ST7735_Drawaxes	48	static
../Core/Src/ST7735.c:547:7:SPI_WriteData	16	static
../Core/Src/ST7735.c:575:6:Lcd_WriteIndex	16	static
../Core/Src/ST7735.c:587:6:Lcd_WriteData	16	static
../Core/Src/ST7735.c:597:6:LCD_WriteData_16Bit	16	static
../Core/Src/ST7735.c:613:6:Lcd_WriteReg	16	static
../Core/Src/ST7735.c:619:6:Lcd_Reset	8	static
../Core/Src/ST7735.c:630:6:Lcd_Init	8	static
../Core/Src/ST7735.c:767:6:Lcd_SetRegion	24	static
../Core/Src/ST7735.c:791:6:Lcd_SetXY	16	static
../Core/Src/ST7735.c:803:6:Gui_DrawPoint	24	static
../Core/Src/ST7735.c:819:14:Lcd_ReadPoint	24	static
../Core/Src/ST7735.c:834:6:Lcd_Clear	24	static
../Core/Src/ST7735.c:846:6:Lcd_Block	32	static
