../Core/Src/blood.c:57:6:blood_data_update	40	static,ignoring_inline_asm
../Core/Src/blood.c:93:6:blood_data_translate	48	static
../Core/Src/blood.c:154:6:blood_wave_update	40	static
../Core/Src/blood.c:223:6:tft_test_display	80	static
../Core/Src/blood.c:251:6:tft_draw_frame	16	static
../Core/Src/blood.c:260:6:tft_draw_State	16	static
../Core/Src/blood.c:280:6:tft_draw_wave_line	48	static
../Core/Src/blood.c:297:6:tft_draw_wave	32	static
../Core/Src/blood.c:317:6:tft_draw_hrsp	80	static
../Core/Src/blood.c:332:6:tft_draw_windows	24	static
../Core/Src/blood.c:359:6:tft_display_update	96	static
../Core/Src/blood.c:393:6:Led_beep_update	24	static,ignoring_inline_asm
../Core/Src/blood.c:464:6:blood_Setup	0	static
../Core/Src/blood.c:478:6:blood_Loop	8	static
../Core/Src/blood.c:491:6:blood_Interrupt	0	static
